<?xml version="1.0" encoding="UTF-8"?>
<dataset>
	<employee propertyId="1" propertyCode="Test Updated" propertyName="Test Updated" active="false"></employee>
</dataset>